// Jest Snapshot v1, https://goo.gl/fbAQLP

exports[`<Homepage /> renders 1`] = `
ShallowWrapper {
  "length": 1,
  Symbol(enzyme.__root__): [Circular],
  Symbol(enzyme.__unrendered__): <Homepage
    viewer={
      Object {
        "name": "Gnusto",
      }
    }
  />,
  Symbol(enzyme.__renderer__): Object {
    "batchedUpdates": [Function],
    "getNode": [Function],
    "render": [Function],
    "simulateEvent": [Function],
    "unmount": [Function],
  },
  Symbol(enzyme.__node__): Object {
    "instance": null,
    "key": undefined,
    "nodeType": "host",
    "props": Object {
      "children": Array [
        <div
          className="Subhead Subhead--spacious"
        >
          <div
            className="Subhead-heading"
          >
            Hello 
            Gnusto
          </div>
        </div>,
        <p
          className="lead"
        >
          Lorem ipsum dolor sit amet, consectetur adipiscing elit. Praesent vel erat rutrum, egestas ipsum vitae, aliquam nisl. Nunc sodales mollis ex eu ultricies. Donec vestibulum augue in erat tristique, eu viverra orci mattis. Praesent ac euismod ligula. Nunc commodo nec justo nec lacinia. Phasellus metus dolor, varius sit amet turpis et, semper elementum massa. Nam venenatis tempor ante id aliquet. Curabitur cursus est a fringilla semper. Aliquam eget urna erat. Nullam eget vehicula neque.
        </p>,
      ],
    },
    "ref": null,
    "rendered": Array [
      Object {
        "instance": null,
        "key": undefined,
        "nodeType": "host",
        "props": Object {
          "children": <div
            className="Subhead-heading"
          >
            Hello 
            Gnusto
          </div>,
          "className": "Subhead Subhead--spacious",
        },
        "ref": null,
        "rendered": Object {
          "instance": null,
          "key": undefined,
          "nodeType": "host",
          "props": Object {
            "children": Array [
              "Hello ",
              "Gnusto",
            ],
            "className": "Subhead-heading",
          },
          "ref": null,
          "rendered": Array [
            "Hello ",
            "Gnusto",
          ],
          "type": "div",
        },
        "type": "div",
      },
      Object {
        "instance": null,
        "key": undefined,
        "nodeType": "host",
        "props": Object {
          "children": "Lorem ipsum dolor sit amet, consectetur adipiscing elit. Praesent vel erat rutrum, egestas ipsum vitae, aliquam nisl. Nunc sodales mollis ex eu ultricies. Donec vestibulum augue in erat tristique, eu viverra orci mattis. Praesent ac euismod ligula. Nunc commodo nec justo nec lacinia. Phasellus metus dolor, varius sit amet turpis et, semper elementum massa. Nam venenatis tempor ante id aliquet. Curabitur cursus est a fringilla semper. Aliquam eget urna erat. Nullam eget vehicula neque.",
          "className": "lead",
        },
        "ref": null,
        "rendered": "Lorem ipsum dolor sit amet, consectetur adipiscing elit. Praesent vel erat rutrum, egestas ipsum vitae, aliquam nisl. Nunc sodales mollis ex eu ultricies. Donec vestibulum augue in erat tristique, eu viverra orci mattis. Praesent ac euismod ligula. Nunc commodo nec justo nec lacinia. Phasellus metus dolor, varius sit amet turpis et, semper elementum massa. Nam venenatis tempor ante id aliquet. Curabitur cursus est a fringilla semper. Aliquam eget urna erat. Nullam eget vehicula neque.",
        "type": "p",
      },
    ],
    "type": "div",
  },
  Symbol(enzyme.__nodes__): Array [
    Object {
      "instance": null,
      "key": undefined,
      "nodeType": "host",
      "props": Object {
        "children": Array [
          <div
            className="Subhead Subhead--spacious"
          >
            <div
              className="Subhead-heading"
            >
              Hello 
              Gnusto
            </div>
          </div>,
          <p
            className="lead"
          >
            Lorem ipsum dolor sit amet, consectetur adipiscing elit. Praesent vel erat rutrum, egestas ipsum vitae, aliquam nisl. Nunc sodales mollis ex eu ultricies. Donec vestibulum augue in erat tristique, eu viverra orci mattis. Praesent ac euismod ligula. Nunc commodo nec justo nec lacinia. Phasellus metus dolor, varius sit amet turpis et, semper elementum massa. Nam venenatis tempor ante id aliquet. Curabitur cursus est a fringilla semper. Aliquam eget urna erat. Nullam eget vehicula neque.
          </p>,
        ],
      },
      "ref": null,
      "rendered": Array [
        Object {
          "instance": null,
          "key": undefined,
          "nodeType": "host",
          "props": Object {
            "children": <div
              className="Subhead-heading"
            >
              Hello 
              Gnusto
            </div>,
            "className": "Subhead Subhead--spacious",
          },
          "ref": null,
          "rendered": Object {
            "instance": null,
            "key": undefined,
            "nodeType": "host",
            "props": Object {
              "children": Array [
                "Hello ",
                "Gnusto",
              ],
              "className": "Subhead-heading",
            },
            "ref": null,
            "rendered": Array [
              "Hello ",
              "Gnusto",
            ],
            "type": "div",
          },
          "type": "div",
        },
        Object {
          "instance": null,
          "key": undefined,
          "nodeType": "host",
          "props": Object {
            "children": "Lorem ipsum dolor sit amet, consectetur adipiscing elit. Praesent vel erat rutrum, egestas ipsum vitae, aliquam nisl. Nunc sodales mollis ex eu ultricies. Donec vestibulum augue in erat tristique, eu viverra orci mattis. Praesent ac euismod ligula. Nunc commodo nec justo nec lacinia. Phasellus metus dolor, varius sit amet turpis et, semper elementum massa. Nam venenatis tempor ante id aliquet. Curabitur cursus est a fringilla semper. Aliquam eget urna erat. Nullam eget vehicula neque.",
            "className": "lead",
          },
          "ref": null,
          "rendered": "Lorem ipsum dolor sit amet, consectetur adipiscing elit. Praesent vel erat rutrum, egestas ipsum vitae, aliquam nisl. Nunc sodales mollis ex eu ultricies. Donec vestibulum augue in erat tristique, eu viverra orci mattis. Praesent ac euismod ligula. Nunc commodo nec justo nec lacinia. Phasellus metus dolor, varius sit amet turpis et, semper elementum massa. Nam venenatis tempor ante id aliquet. Curabitur cursus est a fringilla semper. Aliquam eget urna erat. Nullam eget vehicula neque.",
          "type": "p",
        },
      ],
      "type": "div",
    },
  ],
  Symbol(enzyme.__options__): Object {
    "adapter": ReactSixteenAdapter {
      "options": Object {
        "enableComponentDidUpdateOnSetState": true,
      },
    },
  },
}
`;
