// Jest Snapshot v1, https://goo.gl/fbAQLP

exports[`<AddTopic /> renders 1`] = `
ShallowWrapper {
  "length": 1,
  Symbol(enzyme.__root__): [Circular],
  Symbol(enzyme.__unrendered__): <AddTopic
    organization={
      Object {
        "resourceId": "organization:tyrell",
      }
    }
  />,
  Symbol(enzyme.__renderer__): Object {
    "batchedUpdates": [Function],
    "getNode": [Function],
    "render": [Function],
    "simulateEvent": [Function],
    "unmount": [Function],
  },
  Symbol(enzyme.__node__): Object {
    "instance": null,
    "key": undefined,
    "nodeType": "host",
    "props": Object {
      "children": <dl
        className="form-group"
      >
        <dt>
          <label
            htmlFor="create-topic-name"
          >
            Add subtopic
          </label>
        </dt>
        <dd>
          <input
            className="form-control test-topic-name input-sm"
            id="create-topic-name"
            onChange={[Function]}
            onKeyPress={[Function]}
            placeholder="Name or description"
            value=""
          />
        </dd>
      </dl>,
    },
    "ref": null,
    "rendered": Object {
      "instance": null,
      "key": undefined,
      "nodeType": "host",
      "props": Object {
        "children": Array [
          <dt>
            <label
              htmlFor="create-topic-name"
            >
              Add subtopic
            </label>
          </dt>,
          <dd>
            <input
              className="form-control test-topic-name input-sm"
              id="create-topic-name"
              onChange={[Function]}
              onKeyPress={[Function]}
              placeholder="Name or description"
              value=""
            />
          </dd>,
        ],
        "className": "form-group",
      },
      "ref": null,
      "rendered": Array [
        Object {
          "instance": null,
          "key": undefined,
          "nodeType": "host",
          "props": Object {
            "children": <label
              htmlFor="create-topic-name"
            >
              Add subtopic
            </label>,
          },
          "ref": null,
          "rendered": Object {
            "instance": null,
            "key": undefined,
            "nodeType": "host",
            "props": Object {
              "children": "Add subtopic",
              "htmlFor": "create-topic-name",
            },
            "ref": null,
            "rendered": "Add subtopic",
            "type": "label",
          },
          "type": "dt",
        },
        Object {
          "instance": null,
          "key": undefined,
          "nodeType": "host",
          "props": Object {
            "children": <input
              className="form-control test-topic-name input-sm"
              id="create-topic-name"
              onChange={[Function]}
              onKeyPress={[Function]}
              placeholder="Name or description"
              value=""
            />,
          },
          "ref": null,
          "rendered": Object {
            "instance": null,
            "key": undefined,
            "nodeType": "host",
            "props": Object {
              "className": "form-control test-topic-name input-sm",
              "id": "create-topic-name",
              "onChange": [Function],
              "onKeyPress": [Function],
              "placeholder": "Name or description",
              "value": "",
            },
            "ref": null,
            "rendered": null,
            "type": "input",
          },
          "type": "dd",
        },
      ],
      "type": "dl",
    },
    "type": "div",
  },
  Symbol(enzyme.__nodes__): Array [
    Object {
      "instance": null,
      "key": undefined,
      "nodeType": "host",
      "props": Object {
        "children": <dl
          className="form-group"
        >
          <dt>
            <label
              htmlFor="create-topic-name"
            >
              Add subtopic
            </label>
          </dt>
          <dd>
            <input
              className="form-control test-topic-name input-sm"
              id="create-topic-name"
              onChange={[Function]}
              onKeyPress={[Function]}
              placeholder="Name or description"
              value=""
            />
          </dd>
        </dl>,
      },
      "ref": null,
      "rendered": Object {
        "instance": null,
        "key": undefined,
        "nodeType": "host",
        "props": Object {
          "children": Array [
            <dt>
              <label
                htmlFor="create-topic-name"
              >
                Add subtopic
              </label>
            </dt>,
            <dd>
              <input
                className="form-control test-topic-name input-sm"
                id="create-topic-name"
                onChange={[Function]}
                onKeyPress={[Function]}
                placeholder="Name or description"
                value=""
              />
            </dd>,
          ],
          "className": "form-group",
        },
        "ref": null,
        "rendered": Array [
          Object {
            "instance": null,
            "key": undefined,
            "nodeType": "host",
            "props": Object {
              "children": <label
                htmlFor="create-topic-name"
              >
                Add subtopic
              </label>,
            },
            "ref": null,
            "rendered": Object {
              "instance": null,
              "key": undefined,
              "nodeType": "host",
              "props": Object {
                "children": "Add subtopic",
                "htmlFor": "create-topic-name",
              },
              "ref": null,
              "rendered": "Add subtopic",
              "type": "label",
            },
            "type": "dt",
          },
          Object {
            "instance": null,
            "key": undefined,
            "nodeType": "host",
            "props": Object {
              "children": <input
                className="form-control test-topic-name input-sm"
                id="create-topic-name"
                onChange={[Function]}
                onKeyPress={[Function]}
                placeholder="Name or description"
                value=""
              />,
            },
            "ref": null,
            "rendered": Object {
              "instance": null,
              "key": undefined,
              "nodeType": "host",
              "props": Object {
                "className": "form-control test-topic-name input-sm",
                "id": "create-topic-name",
                "onChange": [Function],
                "onKeyPress": [Function],
                "placeholder": "Name or description",
                "value": "",
              },
              "ref": null,
              "rendered": null,
              "type": "input",
            },
            "type": "dd",
          },
        ],
        "type": "dl",
      },
      "type": "div",
    },
  ],
  Symbol(enzyme.__options__): Object {
    "adapter": ReactSixteenAdapter {
      "options": Object {
        "enableComponentDidUpdateOnSetState": true,
      },
    },
  },
}
`;
