// Jest Snapshot v1, https://goo.gl/fbAQLP

exports[`<LinksPage /> renders 1`] = `
ShallowWrapper {
  "length": 1,
  Symbol(enzyme.__root__): [Circular],
  Symbol(enzyme.__unrendered__): <LinksPage
    organization={
      Object {
        "resourceId": "organization:tyrell",
        "topics": Object {
          "edges": Array [
            Object {
              "node": Object {
                "id": "1234",
                "name": "Frotz",
                "resourceId": "/topics/1234",
              },
            },
          ],
        },
      }
    }
    relay={
      Object {
        "environment": Object {},
      }
    }
    viewer={
      Object {
        "name": "Rezrov",
      }
    }
  />,
  Symbol(enzyme.__renderer__): Object {
    "batchedUpdates": [Function],
    "getNode": [Function],
    "render": [Function],
    "simulateEvent": [Function],
    "unmount": [Function],
  },
  Symbol(enzyme.__node__): Object {
    "instance": null,
    "key": undefined,
    "nodeType": "host",
    "props": Object {
      "children": Array [
        <div
          className="Subhead"
        >
          <div
            className="Subhead-heading"
          >
            Links
          </div>
        </div>,
        <Unknown
          items={Array []}
          organization={
            Object {
              "resourceId": "organization:tyrell",
              "topics": Object {
                "edges": Array [
                  Object {
                    "node": Object {
                      "id": "1234",
                      "name": "Frotz",
                      "resourceId": "/topics/1234",
                    },
                  },
                ],
              },
            }
          }
          relay={
            Object {
              "environment": Object {},
            }
          }
          title="Links"
          viewer={
            Object {
              "name": "Rezrov",
            }
          }
        />,
      ],
    },
    "ref": null,
    "rendered": Array [
      Object {
        "instance": null,
        "key": undefined,
        "nodeType": "host",
        "props": Object {
          "children": <div
            className="Subhead-heading"
          >
            Links
          </div>,
          "className": "Subhead",
        },
        "ref": null,
        "rendered": Object {
          "instance": null,
          "key": undefined,
          "nodeType": "host",
          "props": Object {
            "children": "Links",
            "className": "Subhead-heading",
          },
          "ref": null,
          "rendered": "Links",
          "type": "div",
        },
        "type": "div",
      },
      Object {
        "instance": null,
        "key": undefined,
        "nodeType": "function",
        "props": Object {
          "items": Array [],
          "organization": Object {
            "resourceId": "organization:tyrell",
            "topics": Object {
              "edges": Array [
                Object {
                  "node": Object {
                    "id": "1234",
                    "name": "Frotz",
                    "resourceId": "/topics/1234",
                  },
                },
              ],
            },
          },
          "relay": Object {
            "environment": Object {},
          },
          "title": "Links",
          "viewer": Object {
            "name": "Rezrov",
          },
        },
        "ref": null,
        "rendered": null,
        "type": [Function],
      },
    ],
    "type": "div",
  },
  Symbol(enzyme.__nodes__): Array [
    Object {
      "instance": null,
      "key": undefined,
      "nodeType": "host",
      "props": Object {
        "children": Array [
          <div
            className="Subhead"
          >
            <div
              className="Subhead-heading"
            >
              Links
            </div>
          </div>,
          <Unknown
            items={Array []}
            organization={
              Object {
                "resourceId": "organization:tyrell",
                "topics": Object {
                  "edges": Array [
                    Object {
                      "node": Object {
                        "id": "1234",
                        "name": "Frotz",
                        "resourceId": "/topics/1234",
                      },
                    },
                  ],
                },
              }
            }
            relay={
              Object {
                "environment": Object {},
              }
            }
            title="Links"
            viewer={
              Object {
                "name": "Rezrov",
              }
            }
          />,
        ],
      },
      "ref": null,
      "rendered": Array [
        Object {
          "instance": null,
          "key": undefined,
          "nodeType": "host",
          "props": Object {
            "children": <div
              className="Subhead-heading"
            >
              Links
            </div>,
            "className": "Subhead",
          },
          "ref": null,
          "rendered": Object {
            "instance": null,
            "key": undefined,
            "nodeType": "host",
            "props": Object {
              "children": "Links",
              "className": "Subhead-heading",
            },
            "ref": null,
            "rendered": "Links",
            "type": "div",
          },
          "type": "div",
        },
        Object {
          "instance": null,
          "key": undefined,
          "nodeType": "function",
          "props": Object {
            "items": Array [],
            "organization": Object {
              "resourceId": "organization:tyrell",
              "topics": Object {
                "edges": Array [
                  Object {
                    "node": Object {
                      "id": "1234",
                      "name": "Frotz",
                      "resourceId": "/topics/1234",
                    },
                  },
                ],
              },
            },
            "relay": Object {
              "environment": Object {},
            },
            "title": "Links",
            "viewer": Object {
              "name": "Rezrov",
            },
          },
          "ref": null,
          "rendered": null,
          "type": [Function],
        },
      ],
      "type": "div",
    },
  ],
  Symbol(enzyme.__options__): Object {
    "adapter": ReactSixteenAdapter {
      "options": Object {
        "enableComponentDidUpdateOnSetState": true,
      },
    },
  },
}
`;
