// Jest Snapshot v1, https://goo.gl/fbAQLP

exports[`<TopicsPage /> renders 1`] = `
ShallowWrapper {
  "length": 1,
  Symbol(enzyme.__root__): [Circular],
  Symbol(enzyme.__unrendered__): <TopicsPage
    organization={
      Object {
        "resourceId": "organization:tyrell",
        "topics": Object {
          "edges": Array [
            Object {
              "node": Object {
                "id": "1234",
                "name": "Frotz",
                "resourceId": "/topics/1234",
              },
            },
          ],
        },
      }
    }
    relay={
      Object {
        "environment": Object {},
      }
    }
    viewer={
      Object {
        "name": "Rezrov",
      }
    }
  />,
  Symbol(enzyme.__renderer__): Object {
    "batchedUpdates": [Function],
    "getNode": [Function],
    "render": [Function],
    "simulateEvent": [Function],
    "unmount": [Function],
  },
  Symbol(enzyme.__node__): Object {
    "instance": null,
    "key": undefined,
    "nodeType": "host",
    "props": Object {
      "children": Array [
        <h1>
          Topics
        </h1>,
        <div
          className="row"
        >
          <div
            className="col"
          >
            <ListGroup
              tag="ul"
            >
              <ListGroupItem
                href={undefined}
                tag="a"
              >
                Frotz
              </ListGroupItem>
            </ListGroup>
          </div>
          <div
            className="col-5"
          >
            <AddTopic
              className="test-add-topic"
              organization={
                Object {
                  "resourceId": "organization:tyrell",
                  "topics": Object {
                    "edges": Array [
                      Object {
                        "node": Object {
                          "id": "1234",
                          "name": "Frotz",
                          "resourceId": "/topics/1234",
                        },
                      },
                    ],
                  },
                }
              }
              relay={
                Object {
                  "environment": Object {},
                }
              }
            />
          </div>
        </div>,
      ],
    },
    "ref": null,
    "rendered": Array [
      Object {
        "instance": null,
        "key": undefined,
        "nodeType": "host",
        "props": Object {
          "children": "Topics",
        },
        "ref": null,
        "rendered": "Topics",
        "type": "h1",
      },
      Object {
        "instance": null,
        "key": undefined,
        "nodeType": "host",
        "props": Object {
          "children": Array [
            <div
              className="col"
            >
              <ListGroup
                tag="ul"
              >
                <ListGroupItem
                  href={undefined}
                  tag="a"
                >
                  Frotz
                </ListGroupItem>
              </ListGroup>
            </div>,
            <div
              className="col-5"
            >
              <AddTopic
                className="test-add-topic"
                organization={
                  Object {
                    "resourceId": "organization:tyrell",
                    "topics": Object {
                      "edges": Array [
                        Object {
                          "node": Object {
                            "id": "1234",
                            "name": "Frotz",
                            "resourceId": "/topics/1234",
                          },
                        },
                      ],
                    },
                  }
                }
                relay={
                  Object {
                    "environment": Object {},
                  }
                }
              />
            </div>,
          ],
          "className": "row",
        },
        "ref": null,
        "rendered": Array [
          Object {
            "instance": null,
            "key": undefined,
            "nodeType": "host",
            "props": Object {
              "children": <ListGroup
                tag="ul"
              >
                <ListGroupItem
                  href={undefined}
                  tag="a"
                >
                  Frotz
                </ListGroupItem>
              </ListGroup>,
              "className": "col",
            },
            "ref": null,
            "rendered": Object {
              "instance": null,
              "key": undefined,
              "nodeType": "function",
              "props": Object {
                "children": Array [
                  <ListGroupItem
                    href={undefined}
                    tag="a"
                  >
                    Frotz
                  </ListGroupItem>,
                ],
                "tag": "ul",
              },
              "ref": null,
              "rendered": Array [
                Object {
                  "instance": null,
                  "key": "1234",
                  "nodeType": "function",
                  "props": Object {
                    "children": "Frotz",
                    "href": undefined,
                    "tag": "a",
                  },
                  "ref": null,
                  "rendered": "Frotz",
                  "type": [Function],
                },
              ],
              "type": [Function],
            },
            "type": "div",
          },
          Object {
            "instance": null,
            "key": undefined,
            "nodeType": "host",
            "props": Object {
              "children": <AddTopic
                className="test-add-topic"
                organization={
                  Object {
                    "resourceId": "organization:tyrell",
                    "topics": Object {
                      "edges": Array [
                        Object {
                          "node": Object {
                            "id": "1234",
                            "name": "Frotz",
                            "resourceId": "/topics/1234",
                          },
                        },
                      ],
                    },
                  }
                }
                relay={
                  Object {
                    "environment": Object {},
                  }
                }
              />,
              "className": "col-5",
            },
            "ref": null,
            "rendered": Object {
              "instance": null,
              "key": undefined,
              "nodeType": "class",
              "props": Object {
                "className": "test-add-topic",
                "organization": Object {
                  "resourceId": "organization:tyrell",
                  "topics": Object {
                    "edges": Array [
                      Object {
                        "node": Object {
                          "id": "1234",
                          "name": "Frotz",
                          "resourceId": "/topics/1234",
                        },
                      },
                    ],
                  },
                },
                "relay": Object {
                  "environment": Object {},
                },
              },
              "ref": null,
              "rendered": null,
              "type": [Function],
            },
            "type": "div",
          },
        ],
        "type": "div",
      },
    ],
    "type": "div",
  },
  Symbol(enzyme.__nodes__): Array [
    Object {
      "instance": null,
      "key": undefined,
      "nodeType": "host",
      "props": Object {
        "children": Array [
          <h1>
            Topics
          </h1>,
          <div
            className="row"
          >
            <div
              className="col"
            >
              <ListGroup
                tag="ul"
              >
                <ListGroupItem
                  href={undefined}
                  tag="a"
                >
                  Frotz
                </ListGroupItem>
              </ListGroup>
            </div>
            <div
              className="col-5"
            >
              <AddTopic
                className="test-add-topic"
                organization={
                  Object {
                    "resourceId": "organization:tyrell",
                    "topics": Object {
                      "edges": Array [
                        Object {
                          "node": Object {
                            "id": "1234",
                            "name": "Frotz",
                            "resourceId": "/topics/1234",
                          },
                        },
                      ],
                    },
                  }
                }
                relay={
                  Object {
                    "environment": Object {},
                  }
                }
              />
            </div>
          </div>,
        ],
      },
      "ref": null,
      "rendered": Array [
        Object {
          "instance": null,
          "key": undefined,
          "nodeType": "host",
          "props": Object {
            "children": "Topics",
          },
          "ref": null,
          "rendered": "Topics",
          "type": "h1",
        },
        Object {
          "instance": null,
          "key": undefined,
          "nodeType": "host",
          "props": Object {
            "children": Array [
              <div
                className="col"
              >
                <ListGroup
                  tag="ul"
                >
                  <ListGroupItem
                    href={undefined}
                    tag="a"
                  >
                    Frotz
                  </ListGroupItem>
                </ListGroup>
              </div>,
              <div
                className="col-5"
              >
                <AddTopic
                  className="test-add-topic"
                  organization={
                    Object {
                      "resourceId": "organization:tyrell",
                      "topics": Object {
                        "edges": Array [
                          Object {
                            "node": Object {
                              "id": "1234",
                              "name": "Frotz",
                              "resourceId": "/topics/1234",
                            },
                          },
                        ],
                      },
                    }
                  }
                  relay={
                    Object {
                      "environment": Object {},
                    }
                  }
                />
              </div>,
            ],
            "className": "row",
          },
          "ref": null,
          "rendered": Array [
            Object {
              "instance": null,
              "key": undefined,
              "nodeType": "host",
              "props": Object {
                "children": <ListGroup
                  tag="ul"
                >
                  <ListGroupItem
                    href={undefined}
                    tag="a"
                  >
                    Frotz
                  </ListGroupItem>
                </ListGroup>,
                "className": "col",
              },
              "ref": null,
              "rendered": Object {
                "instance": null,
                "key": undefined,
                "nodeType": "function",
                "props": Object {
                  "children": Array [
                    <ListGroupItem
                      href={undefined}
                      tag="a"
                    >
                      Frotz
                    </ListGroupItem>,
                  ],
                  "tag": "ul",
                },
                "ref": null,
                "rendered": Array [
                  Object {
                    "instance": null,
                    "key": "1234",
                    "nodeType": "function",
                    "props": Object {
                      "children": "Frotz",
                      "href": undefined,
                      "tag": "a",
                    },
                    "ref": null,
                    "rendered": "Frotz",
                    "type": [Function],
                  },
                ],
                "type": [Function],
              },
              "type": "div",
            },
            Object {
              "instance": null,
              "key": undefined,
              "nodeType": "host",
              "props": Object {
                "children": <AddTopic
                  className="test-add-topic"
                  organization={
                    Object {
                      "resourceId": "organization:tyrell",
                      "topics": Object {
                        "edges": Array [
                          Object {
                            "node": Object {
                              "id": "1234",
                              "name": "Frotz",
                              "resourceId": "/topics/1234",
                            },
                          },
                        ],
                      },
                    }
                  }
                  relay={
                    Object {
                      "environment": Object {},
                    }
                  }
                />,
                "className": "col-5",
              },
              "ref": null,
              "rendered": Object {
                "instance": null,
                "key": undefined,
                "nodeType": "class",
                "props": Object {
                  "className": "test-add-topic",
                  "organization": Object {
                    "resourceId": "organization:tyrell",
                    "topics": Object {
                      "edges": Array [
                        Object {
                          "node": Object {
                            "id": "1234",
                            "name": "Frotz",
                            "resourceId": "/topics/1234",
                          },
                        },
                      ],
                    },
                  },
                  "relay": Object {
                    "environment": Object {},
                  },
                },
                "ref": null,
                "rendered": null,
                "type": [Function],
              },
              "type": "div",
            },
          ],
          "type": "div",
        },
      ],
      "type": "div",
    },
  ],
  Symbol(enzyme.__options__): Object {
    "adapter": ReactSixteenAdapter {
      "options": Object {
        "enableComponentDidUpdateOnSetState": true,
      },
    },
  },
}
`;
