// Jest Snapshot v1, https://goo.gl/fbAQLP

exports[`<LinkList /> renders 1`] = `
ShallowWrapper {
  "length": 1,
  Symbol(enzyme.__root__): [Circular],
  Symbol(enzyme.__unrendered__): <LinkList
    organization={Object {}}
    relay={
      Object {
        "environment": Object {},
      }
    }
    title="Frotz"
    viewer={
      Object {
        "name": "Rezrov",
      }
    }
  />,
  Symbol(enzyme.__renderer__): Object {
    "batchedUpdates": [Function],
    "getNode": [Function],
    "render": [Function],
    "simulateEvent": [Function],
    "unmount": [Function],
  },
  Symbol(enzyme.__node__): Object {
    "instance": null,
    "key": undefined,
    "nodeType": "function",
    "props": Object {
      "children": <AddLink
        className="test-add-link"
        organization={Object {}}
        relay={
          Object {
            "environment": Object {},
          }
        }
        viewer={
          Object {
            "name": "Rezrov",
          }
        }
      />,
      "items": Array [],
      "title": "Frotz",
    },
    "ref": null,
    "rendered": Object {
      "instance": null,
      "key": undefined,
      "nodeType": "class",
      "props": Object {
        "className": "test-add-link",
        "organization": Object {},
        "relay": Object {
          "environment": Object {},
        },
        "viewer": Object {
          "name": "Rezrov",
        },
      },
      "ref": null,
      "rendered": null,
      "type": [Function],
    },
    "type": [Function],
  },
  Symbol(enzyme.__nodes__): Array [
    Object {
      "instance": null,
      "key": undefined,
      "nodeType": "function",
      "props": Object {
        "children": <AddLink
          className="test-add-link"
          organization={Object {}}
          relay={
            Object {
              "environment": Object {},
            }
          }
          viewer={
            Object {
              "name": "Rezrov",
            }
          }
        />,
        "items": Array [],
        "title": "Frotz",
      },
      "ref": null,
      "rendered": Object {
        "instance": null,
        "key": undefined,
        "nodeType": "class",
        "props": Object {
          "className": "test-add-link",
          "organization": Object {},
          "relay": Object {
            "environment": Object {},
          },
          "viewer": Object {
            "name": "Rezrov",
          },
        },
        "ref": null,
        "rendered": null,
        "type": [Function],
      },
      "type": [Function],
    },
  ],
  Symbol(enzyme.__options__): Object {
    "adapter": ReactSixteenAdapter {
      "options": Object {
        "enableComponentDidUpdateOnSetState": true,
      },
    },
  },
}
`;
