// Jest Snapshot v1, https://goo.gl/fbAQLP

exports[`<Layout /> renders 1`] = `
<div
  className="layout"
>
  <div
    className="container"
  >
    <Header />
    <FlashMessages
      initialAlerts={Array []}
    />
    <div>
      some view
    </div>
  </div>
  <footer>
    <div
      className="container my-6 pt-2 border-top"
    >
      <p
        className="mb-2"
      >
        Available for use under the MIT
         
        <a
          href="https://github.com/emwalker/digraph/blob/master/LICENSE.md"
        >
          license
        </a>
        . Â© Eric Walker.
      </p>
    </div>
  </footer>
</div>
`;
