// Jest Snapshot v1, https://goo.gl/fbAQLP

exports[`<FilterInput /> renders 1`] = `
<input
  aria-label="Filter input"
  className="form-control"
  onChange={[Function]}
  onKeyPress={[Function]}
  placeholder="Search"
  size="40"
  type="text"
  value="some search phrase"
/>
`;
