// Jest Snapshot v1, https://goo.gl/fbAQLP

exports[`<Item /> renders 1`] = `
<li
  className="Item-row Box-row"
  key="null"
  style={
    Object {
      "borderLeft": "5px solid #fff",
    }
  }
>
  <div
    className="clearfix d-flex flex-items-center"
  >
    <div
      className="col-10"
    >
      <div>
        <a
          className="Box-row-link"
          href="#"
        >
          title
        </a>
        <div />
      </div>
      <div />
    </div>
    <div
      className="col-2 text-center"
    />
  </div>
  <div />
</li>
`;
