// Jest Snapshot v1, https://goo.gl/fbAQLP

exports[`<AddTopic /> renders 1`] = `
<dl
  className="form-group"
>
  <dt>
    <label
      htmlFor="create-topic-name"
    >
      Add subtopic
    </label>
  </dt>
  <dd>
    <input
      className="form-control test-topic-name input-sm"
      disabled={true}
      id="create-topic-name"
      onChange={[Function]}
      onKeyPress={[Function]}
      placeholder="Name or description"
      value=""
    />
  </dd>
</dl>
`;
