// Jest Snapshot v1, https://goo.gl/fbAQLP

exports[`<UserNav /> renders 1`] = `
<Fragment>
  <Link
    className="text-gray-dark px-2"
    to="/review"
  >
    Review
  </Link>
  <ForwardRef(Relay(UserDropdown))
    viewer={Object {}}
  />
</Fragment>
`;
